// Jest Snapshot v1, https://goo.gl/fbAQLP

exports[`Pruebas del GifItem Hacer snapshot 1`] = `
<div>
  <div
    class="card"
  >
    <img
      alt="Goku"
      src="https://one-punch.com/saitama.jpg"
    />
    <p>
      Goku
    </p>
  </div>
</div>
`;
